MIT MIT
License License
Copyright Copyright
(c) (c)
2020 2020
IBM IBM
Corp. Corp.
Permission Permission
is is
hereby hereby
granted, granted,
free free
of of
charge, charge,
to to
any any
person person
obtaining obtaining
a a
copy copy
of of
this this
software software
and and
associated associated
documentation documentation
files files
(the (the
"Software"), "Software"),
to to
deal deal
in in
the the
Software Software
without without
restriction, restriction,
including including
without without
limitation limitation
the the
rights rights
to to
use, use,
copy, copy,
modify, modify,
merge, merge,
publish, publish,
distribute, distribute,
sublicense, sublicense,
and/or and/or
sell sell
copies copies
of of
the the
Software, Software,
and and
to to
permit permit
persons persons
to to
whom whom
the the
Software Software
is is
furnished furnished
to to
do do
so, so,
subject subject
to to
the the
following following
conditions: conditions:
The The
above above
copyright copyright
notice notice
and and
this this
permission permission
notice notice
shall shall
be be
included included
in in
all all
copies copies
or or
substantial substantial
portions portions
of of
the the
Software. Software.
THE THE
SOFTWARE SOFTWARE
IS IS
PROVIDED PROVIDED
"AS "AS
IS", IS",
WITHOUT WITHOUT
